2025-02-11 23:57:27,657 [INFO] Generando contenido con API...
2025-02-11 23:57:46,898 [INFO] Contenido generado exitosamente con Gemini. Longitud: 9583 caracteres
2025-02-11 23:57:46,899 [ERROR] Error en la API de Gemini: 'article'
2025-02-11 23:57:46,899 [ERROR] Error al generar tarea: Error al comunicarse con Google Gemini: 'article'
2025-02-11 23:57:46,899 [DEBUG] Error al generar tarea: Error al comunicarse con Google Gemini: 'article'
Traceback (most recent call last):
  File "/home/hakka/Documentos/Automatizar tareas/proyecto_tareas/api/gemini.py", line 54, in generate_content_gemini
    latex_content = LATEX_TEMPLATE.format(
                    ^^^^^^^^^^^^^^^^^^^^^^
KeyError: 'article'

During handling of the above exception, another exception occurred:

Traceback (most recent call last):
  File "/home/hakka/Documentos/Automatizar tareas/proyecto_tareas/gui/handlers.py", line 29, in handle_generate_event
    full_content = generate_content_gemini(
                   ^^^^^^^^^^^^^^^^^^^^^^^^
  File "/home/hakka/Documentos/Automatizar tareas/proyecto_tareas/api/gemini.py", line 71, in generate_content_gemini
    raise Exception(f"Error al comunicarse con Google Gemini: {str(e)}")
Exception: Error al comunicarse con Google Gemini: 'article'
2025-02-12 15:51:59,150 [INFO] Generando contenido con API...
2025-02-12 15:52:17,204 [INFO] Contenido generado exitosamente con Gemini. Longitud: 8759 caracteres
2025-02-12 15:52:17,204 [ERROR] Error en la API de Gemini: 'article'
2025-02-12 15:52:17,204 [ERROR] Error al generar tarea: Error al comunicarse con Google Gemini: 'article'
2025-02-12 15:52:17,204 [DEBUG] Error al generar tarea: Error al comunicarse con Google Gemini: 'article'
Traceback (most recent call last):
  File "/home/hakka/Documentos/AutoHMWRK/api/gemini.py", line 54, in generate_content_gemini
    latex_content = LATEX_TEMPLATE.format(
                    ^^^^^^^^^^^^^^^^^^^^^^
KeyError: 'article'

During handling of the above exception, another exception occurred:

Traceback (most recent call last):
  File "/home/hakka/Documentos/AutoHMWRK/gui/handlers.py", line 29, in handle_generate_event
    full_content = generate_content_gemini(
                   ^^^^^^^^^^^^^^^^^^^^^^^^
  File "/home/hakka/Documentos/AutoHMWRK/api/gemini.py", line 71, in generate_content_gemini
    raise Exception(f"Error al comunicarse con Google Gemini: {str(e)}")
Exception: Error al comunicarse con Google Gemini: 'article'
2025-02-12 15:54:38,988 [INFO] Generando contenido con API...
2025-02-12 15:54:53,020 [INFO] Contenido generado exitosamente con Gemini. Longitud: 6805 caracteres
2025-02-12 15:54:53,020 [ERROR] Error en la API de Gemini: 'article'
2025-02-12 15:54:53,021 [ERROR] Error al generar tarea: Error al comunicarse con Google Gemini: 'article'
2025-02-12 15:54:53,021 [DEBUG] Error al generar tarea: Error al comunicarse con Google Gemini: 'article'
Traceback (most recent call last):
  File "/home/hakka/Documentos/AutoHMWRK/api/gemini.py", line 54, in generate_content_gemini
    latex_content = LATEX_TEMPLATE.format(
                    ^^^^^^^^^^^^^^^^^^^^^^
KeyError: 'article'

During handling of the above exception, another exception occurred:

Traceback (most recent call last):
  File "/home/hakka/Documentos/AutoHMWRK/gui/handlers.py", line 29, in handle_generate_event
    full_content = generate_content_gemini(
                   ^^^^^^^^^^^^^^^^^^^^^^^^
  File "/home/hakka/Documentos/AutoHMWRK/api/gemini.py", line 71, in generate_content_gemini
    raise Exception(f"Error al comunicarse con Google Gemini: {str(e)}")
Exception: Error al comunicarse con Google Gemini: 'article'
2025-02-12 15:57:54,756 [INFO] Generando contenido con API...
2025-02-12 15:58:10,007 [INFO] Contenido generado exitosamente con Gemini. Longitud: 7357 caracteres
2025-02-12 15:58:10,007 [ERROR] Error en la API de Gemini: 'document'
2025-02-12 15:58:10,007 [ERROR] Error al generar tarea: Error al comunicarse con Google Gemini: 'document'
2025-02-12 15:58:10,007 [DEBUG] Error al generar tarea: Error al comunicarse con Google Gemini: 'document'
Traceback (most recent call last):
  File "/home/hakka/Documentos/AutoHMWRK/api/gemini.py", line 50, in generate_content_gemini
    latex_content = LATEX_TEMPLATE.format(
                    ^^^^^^^^^^^^^^^^^^^^^^
KeyError: 'document'

During handling of the above exception, another exception occurred:

Traceback (most recent call last):
  File "/home/hakka/Documentos/AutoHMWRK/gui/handlers.py", line 29, in handle_generate_event
    full_content = generate_content_gemini(
                   ^^^^^^^^^^^^^^^^^^^^^^^^
  File "/home/hakka/Documentos/AutoHMWRK/api/gemini.py", line 68, in generate_content_gemini
    raise Exception(f"Error al comunicarse con Google Gemini: {str(e)}")
Exception: Error al comunicarse con Google Gemini: 'document'
2025-02-12 16:05:04,279 [INFO] Generando contenido con API...
2025-02-12 16:05:29,726 [INFO] Contenido generado exitosamente con Gemini. Longitud: 11846 caracteres
2025-02-12 16:05:29,726 [ERROR] Error en la API de Gemini: 'document'
2025-02-12 16:05:29,726 [ERROR] Error al generar tarea: Error al comunicarse con Google Gemini: 'document'
2025-02-12 16:05:29,727 [DEBUG] Error al generar tarea: Error al comunicarse con Google Gemini: 'document'
Traceback (most recent call last):
  File "/home/hakka/Documentos/AutoHMWRK/api/gemini.py", line 52, in generate_content_gemini
    latex_content = LATEX_TEMPLATE.format(
                    ^^^^^^^^^^^^^^^^^^^^^^
KeyError: 'document'

During handling of the above exception, another exception occurred:

Traceback (most recent call last):
  File "/home/hakka/Documentos/AutoHMWRK/gui/handlers.py", line 29, in handle_generate_event
    full_content = generate_content_gemini(
                   ^^^^^^^^^^^^^^^^^^^^^^^^
  File "/home/hakka/Documentos/AutoHMWRK/api/gemini.py", line 70, in generate_content_gemini
    raise Exception(f"Error al comunicarse con Google Gemini: {str(e)}")
Exception: Error al comunicarse con Google Gemini: 'document'
2025-02-12 16:08:47,563 [INFO] Generando contenido con API...
2025-02-12 16:09:10,994 [INFO] Contenido generado exitosamente con Gemini. Longitud: 12118 caracteres
2025-02-12 16:09:10,995 [INFO] Compilando a PDF...
2025-02-12 16:09:10,995 [INFO] Ejecutando comando LaTeX: pdflatex -halt-on-error DCM0402_20250212160910.tex
2025-02-12 16:09:11,403 [INFO] Salida de LaTeX (stdout): This is pdfTeX, Version 3.141592653-2.6-1.40.25 (TeX Live 2023/Fedora 40) (preloaded format=pdflatex)
 restricted \write18 enabled.
entering extended mode
(./DCM0402_20250212160910.tex
LaTeX2e <2022-11-01> patch level 1
L3 programming layer <2023-02-22>
(/usr/share/texlive/texmf-dist/tex/latex/base/article.cls
Document Class: article 2022/07/02 v1.4n Standard LaTeX document class
(/usr/share/texlive/texmf-dist/tex/latex/base/size10.clo))
(/usr/share/texlive/texmf-dist/tex/latex/base/inputenc.sty)
(/usr/share/texlive/texmf-dist/tex/latex/l3backend/l3backend-pdftex.def)
No file DCM0402_20250212160910.aux.

! LaTeX Error: Can be used only in preamble.

See the LaTeX manual or LaTeX Companion for explanation.
Type  H <return>  for immediate help.
 ...                                              
                                                  
l.25 \documentclass
                   [12pt]{{article}}
!  ==> Fatal error occurred, no output PDF file produced!
Transcript written on DCM0402_20250212160910.log.

2025-02-12 16:09:11,403 [ERROR] Salida de LaTeX (stderr): 
2025-02-12 16:09:11,404 [ERROR] Error al compilar LaTeX: 
2025-02-12 16:09:11,404 [ERROR] Error al compilar LaTeX: Error al compilar LaTeX: 
2025-02-12 16:09:11,404 [DEBUG] Error al compilar LaTeX: Error al compilar LaTeX: 
Traceback (most recent call last):
  File "/home/hakka/Documentos/AutoHMWRK/gui/handlers.py", line 70, in handle_generate_event
    raise Exception(f"Error al compilar LaTeX: {stderr.decode('utf-8')}")
Exception: Error al compilar LaTeX: 
2025-02-12 16:14:32,094 [INFO] Generando contenido con API...
2025-02-12 16:14:50,423 [INFO] Contenido generado exitosamente con Gemini. Longitud: 9591 caracteres
2025-02-12 16:14:50,425 [INFO] Compilando a PDF...
2025-02-12 16:14:50,425 [INFO] Ejecutando comando LaTeX: pdflatex -halt-on-error DCM0402_20250212161450.tex
2025-02-12 16:14:50,653 [INFO] Salida de LaTeX (stdout): This is pdfTeX, Version 3.141592653-2.6-1.40.25 (TeX Live 2023/Fedora 40) (preloaded format=pdflatex)
 restricted \write18 enabled.
entering extended mode
(./DCM0402_20250212161450.tex
LaTeX2e <2022-11-01> patch level 1
L3 programming layer <2023-02-22>
(/usr/share/texlive/texmf-dist/tex/latex/base/article.cls
Document Class: article 2022/07/02 v1.4n Standard LaTeX document class
(/usr/share/texlive/texmf-dist/tex/latex/base/size10.clo))
(/usr/share/texlive/texmf-dist/tex/latex/base/inputenc.sty)
(/usr/share/texlive/texmf-dist/tex/latex/l3backend/l3backend-pdftex.def)
No file DCM0402_20250212161450.aux.

! LaTeX Error: Can be used only in preamble.

See the LaTeX manual or LaTeX Companion for explanation.
Type  H <return>  for immediate help.
 ...                                              
                                                  
l.25 \documentclass
                   [12pt]{{article}}
!  ==> Fatal error occurred, no output PDF file produced!
Transcript written on DCM0402_20250212161450.log.

2025-02-12 16:14:50,654 [ERROR] Salida de LaTeX (stderr): 
2025-02-12 16:14:50,654 [ERROR] Error al compilar LaTeX: 
2025-02-12 16:14:50,654 [ERROR] Error al compilar LaTeX: Error al compilar LaTeX: 
2025-02-12 16:14:50,654 [DEBUG] Error al compilar LaTeX: Error al compilar LaTeX: 
Traceback (most recent call last):
  File "/home/hakka/Documentos/AutoHMWRK/gui/handlers.py", line 70, in handle_generate_event
    raise Exception(f"Error al compilar LaTeX: {stderr.decode('utf-8')}")
Exception: Error al compilar LaTeX: 
2025-02-12 16:23:49,304 [INFO] Generando contenido con API...
2025-02-12 16:24:00,864 [INFO] Contenido generado exitosamente con Gemini. Longitud: 5943 caracteres
2025-02-12 16:24:00,865 [INFO] Compilando a PDF...
2025-02-12 16:24:00,865 [INFO] Ejecutando comando LaTeX: pdflatex -halt-on-error DCM0402_20250212162400.tex
2025-02-12 16:24:01,354 [INFO] Salida de LaTeX (stdout): This is pdfTeX, Version 3.141592653-2.6-1.40.25 (TeX Live 2023/Fedora 40) (preloaded format=pdflatex)
 restricted \write18 enabled.
entering extended mode
(./DCM0402_20250212162400.tex
LaTeX2e <2022-11-01> patch level 1
L3 programming layer <2023-02-22>
(/usr/share/texlive/texmf-dist/tex/latex/base/article.cls
Document Class: article 2022/07/02 v1.4n Standard LaTeX document class
(/usr/share/texlive/texmf-dist/tex/latex/base/size12.clo))
(/usr/share/texlive/texmf-dist/tex/latex/base/inputenc.sty)
(/usr/share/texlive/texmf-dist/tex/generic/babel/babel.sty
(/usr/share/texlive/texmf-dist/tex/generic/babel/txtbabel.def)
(/usr/share/texlive/texmf-dist/tex/generic/babel-spanish/spanish.ldf))
(/usr/share/texlive/texmf-dist/tex/generic/babel/locale/es/babel-spanish.tex)
(/usr/share/texlive/texmf-dist/tex/latex/amsmath/amsmath.sty
For additional information on amsmath, use the `?' option.
(/usr/share/texlive/texmf-dist/tex/latex/amsmath/amstext.sty
(/usr/share/texlive/texmf-dist/tex/latex/amsmath/amsgen.sty))
(/usr/share/texlive/texmf-dist/tex/latex/amsmath/amsbsy.sty)
(/usr/share/texlive/texmf-dist/tex/latex/amsmath/amsopn.sty))
(/usr/share/texlive/texmf-dist/tex/latex/amsfonts/amsfonts.sty)
(/usr/share/texlive/texmf-dist/tex/latex/amsfonts/amssymb.sty)
(/usr/share/texlive/texmf-dist/tex/latex/graphics/graphicx.sty
(/usr/share/texlive/texmf-dist/tex/latex/graphics/keyval.sty)
(/usr/share/texlive/texmf-dist/tex/latex/graphics/graphics.sty
(/usr/share/texlive/texmf-dist/tex/latex/graphics/trig.sty)
(/usr/share/texlive/texmf-dist/tex/latex/graphics-cfg/graphics.cfg)
(/usr/share/texlive/texmf-dist/tex/latex/graphics-def/pdftex.def)))
(/usr/share/texlive/texmf-dist/tex/latex/geometry/geometry.sty
(/usr/share/texlive/texmf-dist/tex/generic/iftex/ifvtex.sty
(/usr/share/texlive/texmf-dist/tex/generic/iftex/iftex.sty)))
(/usr/share/texlive/texmf-dist/tex/latex/l3backend/l3backend-pdftex.def)
No file DCM0402_20250212162400.aux.
(/usr/share/texlive/texmf-dist/tex/context/base/mkii/supp-pdf.mkii
[Loading MPS to PDF converter (version 2006.09.02).]
) (/usr/share/texlive/texmf-dist/tex/latex/epstopdf-pkg/epstopdf-base.sty
(/usr/share/texlive/texmf-dist/tex/latex/latexconfig/epstopdf-sys.cfg))
*geometry* driver: auto-detecting
*geometry* detected driver: pdftex
(/usr/share/texlive/texmf-dist/tex/latex/amsfonts/umsa.fd)
(/usr/share/texlive/texmf-dist/tex/latex/amsfonts/umsb.fd) [1{/var/lib/texmf/fo
nts/map/pdftex/updmap/pdftex.map}{/usr/share/texlive/texmf-dist/fonts/enc/dvips
/cm-super/cm-super-ts1.enc}] [2] [3] (./DCM0402_20250212162400.aux) )</usr/shar
e/texlive/texmf-dist/fonts/type1/public/amsfonts/cm/cmbx12.pfb></usr/share/texl
ive/texmf-dist/fonts/type1/public/amsfonts/cm/cmr12.pfb></usr/share/texlive/tex
mf-dist/fonts/type1/public/amsfonts/cm/cmr17.pfb></usr/share/texlive/texmf-dist
/fonts/type1/public/cm-super/sfrm1440.pfb>
Output written on DCM0402_20250212162400.pdf (3 pages, 56122 bytes).
Transcript written on DCM0402_20250212162400.log.

2025-02-12 16:24:01,354 [ERROR] Salida de LaTeX (stderr): 
2025-02-12 16:24:01,354 [INFO] PDF compilado exitosamente.
2025-02-12 16:36:43,152 [INFO] Generando contenido con API...
2025-02-12 16:36:50,512 [INFO] Contenido generado exitosamente con Gemini. Longitud: 2789 caracteres
2025-02-12 16:36:50,513 [INFO] Compilando a PDF...
2025-02-12 16:36:50,513 [INFO] Ejecutando comando LaTeX: pdflatex -halt-on-error DCM0402_20250212163650.tex
2025-02-12 16:36:51,202 [INFO] Salida de LaTeX (stdout): This is pdfTeX, Version 3.141592653-2.6-1.40.25 (TeX Live 2023/Fedora 40) (preloaded format=pdflatex)
 restricted \write18 enabled.
entering extended mode
(./DCM0402_20250212163650.tex
LaTeX2e <2022-11-01> patch level 1
L3 programming layer <2023-02-22>
(/usr/share/texlive/texmf-dist/tex/latex/base/article.cls
Document Class: article 2022/07/02 v1.4n Standard LaTeX document class
(/usr/share/texlive/texmf-dist/tex/latex/base/size11.clo))
(/usr/share/texlive/texmf-dist/tex/latex/base/inputenc.sty)
(/usr/share/texlive/texmf-dist/tex/latex/base/fontenc.sty)
(/usr/share/texlive/texmf-dist/tex/latex/amsmath/amsmath.sty
For additional information on amsmath, use the `?' option.
(/usr/share/texlive/texmf-dist/tex/latex/amsmath/amstext.sty
(/usr/share/texlive/texmf-dist/tex/latex/amsmath/amsgen.sty))
(/usr/share/texlive/texmf-dist/tex/latex/amsmath/amsbsy.sty)
(/usr/share/texlive/texmf-dist/tex/latex/amsmath/amsopn.sty))
(/usr/share/texlive/texmf-dist/tex/latex/amsfonts/amsfonts.sty)
(/usr/share/texlive/texmf-dist/tex/latex/amsfonts/amssymb.sty)
(/usr/share/texlive/texmf-dist/tex/latex/graphics/graphicx.sty
(/usr/share/texlive/texmf-dist/tex/latex/graphics/keyval.sty)
(/usr/share/texlive/texmf-dist/tex/latex/graphics/graphics.sty
(/usr/share/texlive/texmf-dist/tex/latex/graphics/trig.sty)
(/usr/share/texlive/texmf-dist/tex/latex/graphics-cfg/graphics.cfg)
(/usr/share/texlive/texmf-dist/tex/latex/graphics-def/pdftex.def)))
(/usr/share/texlive/texmf-dist/tex/latex/geometry/geometry.sty
(/usr/share/texlive/texmf-dist/tex/generic/iftex/ifvtex.sty
(/usr/share/texlive/texmf-dist/tex/generic/iftex/iftex.sty)))
(/usr/share/texlive/texmf-dist/tex/latex/xcolor/xcolor.sty
(/usr/share/texlive/texmf-dist/tex/latex/graphics-cfg/color.cfg)
(/usr/share/texlive/texmf-dist/tex/latex/graphics/mathcolor.ltx))
(/usr/share/texlive/texmf-dist/tex/latex/fancyhdr/fancyhdr.sty)
(/usr/share/texlive/texmf-dist/tex/latex/lipsum/lipsum.sty
(/usr/share/texlive/texmf-dist/tex/latex/l3packages/l3keys2e/l3keys2e.sty
(/usr/share/texlive/texmf-dist/tex/latex/l3kernel/expl3.sty
(/usr/share/texlive/texmf-dist/tex/latex/l3backend/l3backend-pdftex.def)))
(/usr/share/texlive/texmf-dist/tex/latex/lipsum/lipsum.ltd.tex))
(/usr/share/texlive/texmf-dist/tex/latex/hyperref/hyperref.sty
(/usr/share/texlive/texmf-dist/tex/generic/ltxcmds/ltxcmds.sty)
(/usr/share/texlive/texmf-dist/tex/generic/pdftexcmds/pdftexcmds.sty
(/usr/share/texlive/texmf-dist/tex/generic/infwarerr/infwarerr.sty))
(/usr/share/texlive/texmf-dist/tex/latex/kvsetkeys/kvsetkeys.sty)
(/usr/share/texlive/texmf-dist/tex/generic/kvdefinekeys/kvdefinekeys.sty)
(/usr/share/texlive/texmf-dist/tex/generic/pdfescape/pdfescape.sty)
(/usr/share/texlive/texmf-dist/tex/latex/hycolor/hycolor.sty)
(/usr/share/texlive/texmf-dist/tex/latex/letltxmacro/letltxmacro.sty)
(/usr/share/texlive/texmf-dist/tex/latex/auxhook/auxhook.sty)
(/usr/share/texlive/texmf-dist/tex/latex/hyperref/nameref.sty
(/usr/share/texlive/texmf-dist/tex/latex/refcount/refcount.sty)
(/usr/share/texlive/texmf-dist/tex/generic/gettitlestring/gettitlestring.sty
(/usr/share/texlive/texmf-dist/tex/latex/kvoptions/kvoptions.sty)))
(/usr/share/texlive/texmf-dist/tex/latex/hyperref/pd1enc.def)
(/usr/share/texlive/texmf-dist/tex/generic/intcalc/intcalc.sty)
(/usr/share/texlive/texmf-dist/tex/generic/etexcmds/etexcmds.sty)
(/usr/share/texlive/texmf-dist/tex/latex/hyperref/puenc.def)
(/usr/share/texlive/texmf-dist/tex/latex/url/url.sty)
(/usr/share/texlive/texmf-dist/tex/generic/bitset/bitset.sty
(/usr/share/texlive/texmf-dist/tex/generic/bigintcalc/bigintcalc.sty))
(/usr/share/texlive/texmf-dist/tex/latex/base/atbegshi-ltx.sty))
(/usr/share/texlive/texmf-dist/tex/latex/hyperref/hpdftex.def
(/usr/share/texlive/texmf-dist/tex/latex/base/atveryend-ltx.sty)
(/usr/share/texlive/texmf-dist/tex/latex/rerunfilecheck/rerunfilecheck.sty
(/usr/share/texlive/texmf-dist/tex/generic/uniquecounter/uniquecounter.sty)))
(/usr/share/texlive/texmf-dist/tex/latex/titlesec/titlesec.sty)
No file DCM0402_20250212163650.aux.
(/usr/share/texlive/texmf-dist/tex/context/base/mkii/supp-pdf.mkii
[Loading MPS to PDF converter (version 2006.09.02).]
) (/usr/share/texlive/texmf-dist/tex/latex/epstopdf-pkg/epstopdf-base.sty
(/usr/share/texlive/texmf-dist/tex/latex/latexconfig/epstopdf-sys.cfg))
*geometry* driver: auto-detecting
*geometry* detected driver: pdftex
(/usr/share/texlive/texmf-dist/tex/latex/amsfonts/umsa.fd)
(/usr/share/texlive/texmf-dist/tex/latex/amsfonts/umsb.fd) [1{/var/lib/texmf/fo
nts/map/pdftex/updmap/pdftex.map}{/usr/share/texlive/texmf-dist/fonts/enc/dvips
/cm-super/cm-super-t1.enc}{/usr/share/texlive/texmf-dist/fonts/enc/dvips/cm-sup
er/cm-super-ts1.enc} </usr/share/texlive/texmf-dist/tex/latex/mwe/example-image
-a.pdf>]
No file DCM0402_20250212163650.toc.

Package fancyhdr Warning: \headheight is too small (12.0pt): 
(fancyhdr)                Make it at least 13.59999pt, for example:
(fancyhdr)                \setlength{\headheight}{13.59999pt}.
(fancyhdr)                You might also make \topmargin smaller to compensate:

(fancyhdr)                \addtolength{\topmargin}{-1.59999pt}.

[2]

Package fancyhdr Warning: \headheight is too small (12.0pt): 
(fancyhdr)                Make it at least 13.59999pt, for example:
(fancyhdr)                \setlength{\headheight}{13.59999pt}.
(fancyhdr)                You might also make \topmargin smaller to compensate:

(fancyhdr)                \addtolength{\topmargin}{-1.59999pt}.

[3]

Package fancyhdr Warning: \headheight is too small (12.0pt): 
(fancyhdr)                Make it at least 13.59999pt, for example:
(fancyhdr)                \setlength{\headheight}{13.59999pt}.
(fancyhdr)                You might also make \topmargin smaller to compensate:

(fancyhdr)                \addtolength{\topmargin}{-1.59999pt}.

[4]

Package fancyhdr Warning: \headheight is too small (12.0pt): 
(fancyhdr)                Make it at least 13.59999pt, for example:
(fancyhdr)                \setlength{\headheight}{13.59999pt}.
(fancyhdr)                You might also make \topmargin smaller to compensate:

(fancyhdr)                \addtolength{\topmargin}{-1.59999pt}.

[5] (./DCM0402_20250212163650.aux)

LaTeX Warning: Label(s) may have changed. Rerun to get cross-references right.


Package rerunfilecheck Warning: File `DCM0402_20250212163650.out' has changed.
(rerunfilecheck)                Rerun to get outlines right
(rerunfilecheck)                or use package `bookmark'.

 )</usr/share/texlive/texmf-dist/fonts/type1/public/lm/lmss17.pfb></usr/share/t
exlive/texmf-dist/fonts/type1/public/cm-super/sfbx1095.pfb></usr/share/texlive/
texmf-dist/fonts/type1/public/cm-super/sfbx1200.pfb></usr/share/texlive/texmf-d
ist/fonts/type1/public/cm-super/sfbx1440.pfb></usr/share/texlive/texmf-dist/fon
ts/type1/public/cm-super/sfbx2488.pfb></usr/share/texlive/texmf-dist/fonts/type
1/public/cm-super/sfrm1095.pfb></usr/share/texlive/texmf-dist/fonts/type1/publi
c/cm-super/sfti1095.pfb>
Output written on DCM0402_20250212163650.pdf (5 pages, 142559 bytes).
Transcript written on DCM0402_20250212163650.log.

2025-02-12 16:36:51,204 [ERROR] Salida de LaTeX (stderr): 
2025-02-12 16:36:51,205 [INFO] PDF compilado y renombrado exitosamente.
2025-02-12 16:47:22,669 [INFO] Generando contenido con API...
2025-02-12 16:47:45,798 [INFO] Contenido generado exitosamente con Gemini. Longitud: 10615 caracteres
2025-02-12 16:47:45,799 [INFO] Compilando a PDF...
2025-02-12 16:47:45,799 [INFO] Ejecutando comando LaTeX: pdflatex -halt-on-error DCM0402_20250212164745.tex
2025-02-12 16:47:46,263 [INFO] Salida de LaTeX (stdout): This is pdfTeX, Version 3.141592653-2.6-1.40.25 (TeX Live 2023/Fedora 40) (preloaded format=pdflatex)
 restricted \write18 enabled.
entering extended mode
(./DCM0402_20250212164745.tex
LaTeX2e <2022-11-01> patch level 1
L3 programming layer <2023-02-22>
(/usr/share/texlive/texmf-dist/tex/latex/base/article.cls
Document Class: article 2022/07/02 v1.4n Standard LaTeX document class
(/usr/share/texlive/texmf-dist/tex/latex/base/size12.clo))
(/usr/share/texlive/texmf-dist/tex/latex/base/inputenc.sty)
(/usr/share/texlive/texmf-dist/tex/generic/babel/babel.sty
(/usr/share/texlive/texmf-dist/tex/generic/babel/txtbabel.def)
(/usr/share/texlive/texmf-dist/tex/generic/babel-spanish/spanish.ldf))
(/usr/share/texlive/texmf-dist/tex/generic/babel/locale/es/babel-spanish.tex)
(/usr/share/texlive/texmf-dist/tex/latex/amsmath/amsmath.sty
For additional information on amsmath, use the `?' option.
(/usr/share/texlive/texmf-dist/tex/latex/amsmath/amstext.sty
(/usr/share/texlive/texmf-dist/tex/latex/amsmath/amsgen.sty))
(/usr/share/texlive/texmf-dist/tex/latex/amsmath/amsbsy.sty)
(/usr/share/texlive/texmf-dist/tex/latex/amsmath/amsopn.sty))
(/usr/share/texlive/texmf-dist/tex/latex/amsfonts/amsfonts.sty)
(/usr/share/texlive/texmf-dist/tex/latex/amsfonts/amssymb.sty)
(/usr/share/texlive/texmf-dist/tex/latex/graphics/graphicx.sty
(/usr/share/texlive/texmf-dist/tex/latex/graphics/keyval.sty)
(/usr/share/texlive/texmf-dist/tex/latex/graphics/graphics.sty
(/usr/share/texlive/texmf-dist/tex/latex/graphics/trig.sty)
(/usr/share/texlive/texmf-dist/tex/latex/graphics-cfg/graphics.cfg)
(/usr/share/texlive/texmf-dist/tex/latex/graphics-def/pdftex.def)))
(/usr/share/texlive/texmf-dist/tex/latex/geometry/geometry.sty
(/usr/share/texlive/texmf-dist/tex/generic/iftex/ifvtex.sty
(/usr/share/texlive/texmf-dist/tex/generic/iftex/iftex.sty)))
(/usr/share/texlive/texmf-dist/tex/latex/hyperref/hyperref.sty
(/usr/share/texlive/texmf-dist/tex/generic/ltxcmds/ltxcmds.sty)
(/usr/share/texlive/texmf-dist/tex/generic/pdftexcmds/pdftexcmds.sty
(/usr/share/texlive/texmf-dist/tex/generic/infwarerr/infwarerr.sty))
(/usr/share/texlive/texmf-dist/tex/latex/kvsetkeys/kvsetkeys.sty)
(/usr/share/texlive/texmf-dist/tex/generic/kvdefinekeys/kvdefinekeys.sty)
(/usr/share/texlive/texmf-dist/tex/generic/pdfescape/pdfescape.sty)
(/usr/share/texlive/texmf-dist/tex/latex/hycolor/hycolor.sty)
(/usr/share/texlive/texmf-dist/tex/latex/letltxmacro/letltxmacro.sty)
(/usr/share/texlive/texmf-dist/tex/latex/auxhook/auxhook.sty)
(/usr/share/texlive/texmf-dist/tex/latex/hyperref/nameref.sty
(/usr/share/texlive/texmf-dist/tex/latex/refcount/refcount.sty)
(/usr/share/texlive/texmf-dist/tex/generic/gettitlestring/gettitlestring.sty
(/usr/share/texlive/texmf-dist/tex/latex/kvoptions/kvoptions.sty)))
(/usr/share/texlive/texmf-dist/tex/latex/hyperref/pd1enc.def)
(/usr/share/texlive/texmf-dist/tex/generic/intcalc/intcalc.sty)
(/usr/share/texlive/texmf-dist/tex/generic/etexcmds/etexcmds.sty)
(/usr/share/texlive/texmf-dist/tex/latex/hyperref/puenc.def)
(/usr/share/texlive/texmf-dist/tex/latex/url/url.sty)
(/usr/share/texlive/texmf-dist/tex/generic/bitset/bitset.sty
(/usr/share/texlive/texmf-dist/tex/generic/bigintcalc/bigintcalc.sty))
(/usr/share/texlive/texmf-dist/tex/latex/base/atbegshi-ltx.sty))
(/usr/share/texlive/texmf-dist/tex/latex/hyperref/hpdftex.def
(/usr/share/texlive/texmf-dist/tex/latex/base/atveryend-ltx.sty)
(/usr/share/texlive/texmf-dist/tex/latex/rerunfilecheck/rerunfilecheck.sty
(/usr/share/texlive/texmf-dist/tex/generic/uniquecounter/uniquecounter.sty)))
(/usr/share/texlive/texmf-dist/tex/latex/fancyhdr/fancyhdr.sty)
(/usr/share/texlive/texmf-dist/tex/latex/xcolor/xcolor.sty
(/usr/share/texlive/texmf-dist/tex/latex/graphics-cfg/color.cfg)
(/usr/share/texlive/texmf-dist/tex/latex/graphics/mathcolor.ltx))
(/usr/share/texlive/texmf-dist/tex/latex/lipsum/lipsum.sty
(/usr/share/texlive/texmf-dist/tex/latex/l3packages/l3keys2e/l3keys2e.sty
(/usr/share/texlive/texmf-dist/tex/latex/l3kernel/expl3.sty
(/usr/share/texlive/texmf-dist/tex/latex/l3backend/l3backend-pdftex.def)))
(/usr/share/texlive/texmf-dist/tex/latex/lipsum/lipsum.ltd.tex))
No file DCM0402_20250212164745.aux.
(/usr/share/texlive/texmf-dist/tex/context/base/mkii/supp-pdf.mkii
[Loading MPS to PDF converter (version 2006.09.02).]
) (/usr/share/texlive/texmf-dist/tex/latex/epstopdf-pkg/epstopdf-base.sty
(/usr/share/texlive/texmf-dist/tex/latex/latexconfig/epstopdf-sys.cfg))
*geometry* driver: auto-detecting
*geometry* detected driver: pdftex

LaTeX Warning: File `logo_UAH.png' not found on input line 44.


! Package pdftex.def Error: File `logo_UAH.png' not found: using draft setting.


See the pdftex.def package documentation for explanation.
Type  H <return>  for immediate help.
 ...                                              
                                                  
l.44 ...raphics[width=0.3\textwidth]{logo_UAH.png}
                                                  \\[1cm]
!  ==> Fatal error occurred, no output PDF file produced!
Transcript written on DCM0402_20250212164745.log.

2025-02-12 16:47:46,264 [ERROR] Salida de LaTeX (stderr): 
2025-02-12 16:47:46,264 [ERROR] Error al compilar LaTeX: 
2025-02-12 16:47:46,264 [ERROR] Error al compilar LaTeX: Error al compilar LaTeX: 
2025-02-12 16:47:46,264 [DEBUG] Error al compilar LaTeX: Error al compilar LaTeX: 
Traceback (most recent call last):
  File "/home/hakka/Documentos/AutoHMWRK/gui/handlers.py", line 71, in handle_generate_event
    raise Exception(f"Error al compilar LaTeX: {stderr.decode('utf-8')}")
Exception: Error al compilar LaTeX: 
2025-02-12 17:00:45,242 [INFO] Generando contenido con API...
2025-02-12 17:00:57,017 [INFO] Contenido generado exitosamente con Gemini. Longitud: 5374 caracteres
2025-02-12 17:00:57,017 [INFO] Compilando a PDF...
2025-02-12 17:00:57,018 [INFO] Ejecutando comando LaTeX: pdflatex -halt-on-error DCM0402_20250212170057.tex
2025-02-12 17:00:57,464 [INFO] Salida de LaTeX (stdout): This is pdfTeX, Version 3.141592653-2.6-1.40.25 (TeX Live 2023/Fedora 40) (preloaded format=pdflatex)
 restricted \write18 enabled.
entering extended mode
(./DCM0402_20250212170057.tex
LaTeX2e <2022-11-01> patch level 1
L3 programming layer <2023-02-22>
(/usr/share/texlive/texmf-dist/tex/latex/base/article.cls
Document Class: article 2022/07/02 v1.4n Standard LaTeX document class
(/usr/share/texlive/texmf-dist/tex/latex/base/size12.clo))
(/usr/share/texlive/texmf-dist/tex/latex/base/inputenc.sty)
(/usr/share/texlive/texmf-dist/tex/latex/base/fontenc.sty)
(/usr/share/texlive/texmf-dist/tex/latex/amsmath/amsmath.sty
For additional information on amsmath, use the `?' option.
(/usr/share/texlive/texmf-dist/tex/latex/amsmath/amstext.sty
(/usr/share/texlive/texmf-dist/tex/latex/amsmath/amsgen.sty))
(/usr/share/texlive/texmf-dist/tex/latex/amsmath/amsbsy.sty)
(/usr/share/texlive/texmf-dist/tex/latex/amsmath/amsopn.sty))
(/usr/share/texlive/texmf-dist/tex/latex/amsfonts/amsfonts.sty)
(/usr/share/texlive/texmf-dist/tex/latex/amsfonts/amssymb.sty)
(/usr/share/texlive/texmf-dist/tex/latex/graphics/graphicx.sty
(/usr/share/texlive/texmf-dist/tex/latex/graphics/keyval.sty)
(/usr/share/texlive/texmf-dist/tex/latex/graphics/graphics.sty
(/usr/share/texlive/texmf-dist/tex/latex/graphics/trig.sty)
(/usr/share/texlive/texmf-dist/tex/latex/graphics-cfg/graphics.cfg)
(/usr/share/texlive/texmf-dist/tex/latex/graphics-def/pdftex.def)))
(/usr/share/texlive/texmf-dist/tex/latex/geometry/geometry.sty
(/usr/share/texlive/texmf-dist/tex/generic/iftex/ifvtex.sty
(/usr/share/texlive/texmf-dist/tex/generic/iftex/iftex.sty)))
(/usr/share/texlive/texmf-dist/tex/latex/lipsum/lipsum.sty
(/usr/share/texlive/texmf-dist/tex/latex/l3packages/l3keys2e/l3keys2e.sty
(/usr/share/texlive/texmf-dist/tex/latex/l3kernel/expl3.sty
(/usr/share/texlive/texmf-dist/tex/latex/l3backend/l3backend-pdftex.def)))
(/usr/share/texlive/texmf-dist/tex/latex/lipsum/lipsum.ltd.tex))
(/usr/share/texlive/texmf-dist/tex/latex/titlesec/titlesec.sty)
(/usr/share/texlive/texmf-dist/tex/latex/fancyhdr/fancyhdr.sty)
(/usr/share/texlive/texmf-dist/tex/latex/xcolor/xcolor.sty
(/usr/share/texlive/texmf-dist/tex/latex/graphics-cfg/color.cfg)
(/usr/share/texlive/texmf-dist/tex/latex/graphics/mathcolor.ltx))
(/usr/share/texlive/texmf-dist/tex/latex/hyperref/hyperref.sty
(/usr/share/texlive/texmf-dist/tex/generic/ltxcmds/ltxcmds.sty)
(/usr/share/texlive/texmf-dist/tex/generic/pdftexcmds/pdftexcmds.sty
(/usr/share/texlive/texmf-dist/tex/generic/infwarerr/infwarerr.sty))
(/usr/share/texlive/texmf-dist/tex/latex/kvsetkeys/kvsetkeys.sty)
(/usr/share/texlive/texmf-dist/tex/generic/kvdefinekeys/kvdefinekeys.sty)
(/usr/share/texlive/texmf-dist/tex/generic/pdfescape/pdfescape.sty)
(/usr/share/texlive/texmf-dist/tex/latex/hycolor/hycolor.sty)
(/usr/share/texlive/texmf-dist/tex/latex/letltxmacro/letltxmacro.sty)
(/usr/share/texlive/texmf-dist/tex/latex/auxhook/auxhook.sty)
(/usr/share/texlive/texmf-dist/tex/latex/hyperref/nameref.sty
(/usr/share/texlive/texmf-dist/tex/latex/refcount/refcount.sty)
(/usr/share/texlive/texmf-dist/tex/generic/gettitlestring/gettitlestring.sty
(/usr/share/texlive/texmf-dist/tex/latex/kvoptions/kvoptions.sty)))
(/usr/share/texlive/texmf-dist/tex/latex/hyperref/pd1enc.def)
(/usr/share/texlive/texmf-dist/tex/generic/intcalc/intcalc.sty)
(/usr/share/texlive/texmf-dist/tex/generic/etexcmds/etexcmds.sty)
(/usr/share/texlive/texmf-dist/tex/latex/hyperref/puenc.def)
(/usr/share/texlive/texmf-dist/tex/latex/url/url.sty)
(/usr/share/texlive/texmf-dist/tex/generic/bitset/bitset.sty
(/usr/share/texlive/texmf-dist/tex/generic/bigintcalc/bigintcalc.sty))
(/usr/share/texlive/texmf-dist/tex/latex/base/atbegshi-ltx.sty))
(/usr/share/texlive/texmf-dist/tex/latex/hyperref/hpdftex.def
(/usr/share/texlive/texmf-dist/tex/latex/base/atveryend-ltx.sty)
(/usr/share/texlive/texmf-dist/tex/latex/rerunfilecheck/rerunfilecheck.sty
(/usr/share/texlive/texmf-dist/tex/generic/uniquecounter/uniquecounter.sty)))
No file DCM0402_20250212170057.aux.
(/usr/share/texlive/texmf-dist/tex/context/base/mkii/supp-pdf.mkii
[Loading MPS to PDF converter (version 2006.09.02).]
) (/usr/share/texlive/texmf-dist/tex/latex/epstopdf-pkg/epstopdf-base.sty
(/usr/share/texlive/texmf-dist/tex/latex/latexconfig/epstopdf-sys.cfg))
*geometry* driver: auto-detecting
*geometry* detected driver: pdftex

LaTeX Warning: File `./logos/UAH.png' not found on input line 48.


! Package pdftex.def Error: File `./logos/UAH.png' not found: using draft setti
ng.

See the pdftex.def package documentation for explanation.
Type  H <return>  for immediate help.
 ...                                              
                                                  
l.48 \includegraphics[width=3cm]{./logos/UAH.png}
                                                 
!  ==> Fatal error occurred, no output PDF file produced!
Transcript written on DCM0402_20250212170057.log.

2025-02-12 17:00:57,464 [ERROR] Salida de LaTeX (stderr): 
2025-02-12 17:00:57,464 [ERROR] Error al compilar LaTeX: 
2025-02-12 17:00:57,464 [ERROR] Error al compilar LaTeX: Error al compilar LaTeX: 
2025-02-12 17:00:57,464 [DEBUG] Error al compilar LaTeX: Error al compilar LaTeX: 
Traceback (most recent call last):
  File "/home/hakka/Documentos/AutoHMWRK/gui/handlers.py", line 71, in handle_generate_event
    raise Exception(f"Error al compilar LaTeX: {stderr.decode('utf-8')}")
Exception: Error al compilar LaTeX: 
2025-02-12 17:04:50,397 [INFO] Generando contenido con API...
2025-02-12 17:05:04,538 [INFO] Contenido generado exitosamente con Gemini. Longitud: 6462 caracteres
2025-02-12 17:05:04,538 [INFO] Compilando a PDF...
2025-02-12 17:05:04,539 [INFO] Ejecutando comando LaTeX: pdflatex -halt-on-error DCM0402_20250212170504.tex
2025-02-12 17:05:05,161 [INFO] Salida de LaTeX (stdout): This is pdfTeX, Version 3.141592653-2.6-1.40.25 (TeX Live 2023/Fedora 40) (preloaded format=pdflatex)
 restricted \write18 enabled.
entering extended mode
(./DCM0402_20250212170504.tex
LaTeX2e <2022-11-01> patch level 1
L3 programming layer <2023-02-22>
(/usr/share/texlive/texmf-dist/tex/latex/base/article.cls
Document Class: article 2022/07/02 v1.4n Standard LaTeX document class
(/usr/share/texlive/texmf-dist/tex/latex/base/size11.clo))
(/usr/share/texlive/texmf-dist/tex/latex/base/inputenc.sty)
(/usr/share/texlive/texmf-dist/tex/latex/base/fontenc.sty)
(/usr/share/texlive/texmf-dist/tex/latex/amsmath/amsmath.sty
For additional information on amsmath, use the `?' option.
(/usr/share/texlive/texmf-dist/tex/latex/amsmath/amstext.sty
(/usr/share/texlive/texmf-dist/tex/latex/amsmath/amsgen.sty))
(/usr/share/texlive/texmf-dist/tex/latex/amsmath/amsbsy.sty)
(/usr/share/texlive/texmf-dist/tex/latex/amsmath/amsopn.sty))
(/usr/share/texlive/texmf-dist/tex/latex/amsfonts/amsfonts.sty)
(/usr/share/texlive/texmf-dist/tex/latex/amsfonts/amssymb.sty)
(/usr/share/texlive/texmf-dist/tex/latex/graphics/graphicx.sty
(/usr/share/texlive/texmf-dist/tex/latex/graphics/keyval.sty)
(/usr/share/texlive/texmf-dist/tex/latex/graphics/graphics.sty
(/usr/share/texlive/texmf-dist/tex/latex/graphics/trig.sty)
(/usr/share/texlive/texmf-dist/tex/latex/graphics-cfg/graphics.cfg)
(/usr/share/texlive/texmf-dist/tex/latex/graphics-def/pdftex.def)))
(/usr/share/texlive/texmf-dist/tex/latex/geometry/geometry.sty
(/usr/share/texlive/texmf-dist/tex/generic/iftex/ifvtex.sty
(/usr/share/texlive/texmf-dist/tex/generic/iftex/iftex.sty)))
(/usr/share/texlive/texmf-dist/tex/latex/lipsum/lipsum.sty
(/usr/share/texlive/texmf-dist/tex/latex/l3packages/l3keys2e/l3keys2e.sty
(/usr/share/texlive/texmf-dist/tex/latex/l3kernel/expl3.sty
(/usr/share/texlive/texmf-dist/tex/latex/l3backend/l3backend-pdftex.def)))
(/usr/share/texlive/texmf-dist/tex/latex/lipsum/lipsum.ltd.tex))
(/usr/share/texlive/texmf-dist/tex/latex/xcolor/xcolor.sty
(/usr/share/texlive/texmf-dist/tex/latex/graphics-cfg/color.cfg)
(/usr/share/texlive/texmf-dist/tex/latex/graphics/mathcolor.ltx))
(/usr/share/texlive/texmf-dist/tex/latex/hyperref/hyperref.sty
(/usr/share/texlive/texmf-dist/tex/generic/ltxcmds/ltxcmds.sty)
(/usr/share/texlive/texmf-dist/tex/generic/pdftexcmds/pdftexcmds.sty
(/usr/share/texlive/texmf-dist/tex/generic/infwarerr/infwarerr.sty))
(/usr/share/texlive/texmf-dist/tex/latex/kvsetkeys/kvsetkeys.sty)
(/usr/share/texlive/texmf-dist/tex/generic/kvdefinekeys/kvdefinekeys.sty)
(/usr/share/texlive/texmf-dist/tex/generic/pdfescape/pdfescape.sty)
(/usr/share/texlive/texmf-dist/tex/latex/hycolor/hycolor.sty)
(/usr/share/texlive/texmf-dist/tex/latex/letltxmacro/letltxmacro.sty)
(/usr/share/texlive/texmf-dist/tex/latex/auxhook/auxhook.sty)
(/usr/share/texlive/texmf-dist/tex/latex/hyperref/nameref.sty
(/usr/share/texlive/texmf-dist/tex/latex/refcount/refcount.sty)
(/usr/share/texlive/texmf-dist/tex/generic/gettitlestring/gettitlestring.sty
(/usr/share/texlive/texmf-dist/tex/latex/kvoptions/kvoptions.sty)))
(/usr/share/texlive/texmf-dist/tex/latex/hyperref/pd1enc.def)
(/usr/share/texlive/texmf-dist/tex/generic/intcalc/intcalc.sty)
(/usr/share/texlive/texmf-dist/tex/generic/etexcmds/etexcmds.sty)
(/usr/share/texlive/texmf-dist/tex/latex/hyperref/puenc.def)
(/usr/share/texlive/texmf-dist/tex/latex/url/url.sty)
(/usr/share/texlive/texmf-dist/tex/generic/bitset/bitset.sty
(/usr/share/texlive/texmf-dist/tex/generic/bigintcalc/bigintcalc.sty))
(/usr/share/texlive/texmf-dist/tex/latex/base/atbegshi-ltx.sty))
(/usr/share/texlive/texmf-dist/tex/latex/hyperref/hpdftex.def
(/usr/share/texlive/texmf-dist/tex/latex/base/atveryend-ltx.sty)
(/usr/share/texlive/texmf-dist/tex/latex/rerunfilecheck/rerunfilecheck.sty
(/usr/share/texlive/texmf-dist/tex/generic/uniquecounter/uniquecounter.sty)))
(/usr/share/texlive/texmf-dist/tex/latex/fancyhdr/fancyhdr.sty)
(/usr/share/texlive/texmf-dist/tex/latex/titlesec/titlesec.sty)
No file DCM0402_20250212170504.aux.
(/usr/share/texlive/texmf-dist/tex/context/base/mkii/supp-pdf.mkii
[Loading MPS to PDF converter (version 2006.09.02).]
) (/usr/share/texlive/texmf-dist/tex/latex/epstopdf-pkg/epstopdf-base.sty
(/usr/share/texlive/texmf-dist/tex/latex/latexconfig/epstopdf-sys.cfg))
*geometry* driver: auto-detecting
*geometry* detected driver: pdftex
(/usr/share/texlive/texmf-dist/tex/latex/base/t1cmss.fd)
(/usr/share/texlive/texmf-dist/tex/latex/amsfonts/umsa.fd)
(/usr/share/texlive/texmf-dist/tex/latex/amsfonts/umsb.fd)
(/usr/share/texlive/texmf-dist/tex/latex/base/ts1cmss.fd) [1{/var/lib/texmf/fon
ts/map/pdftex/updmap/pdftex.map}{/usr/share/texlive/texmf-dist/fonts/enc/dvips/
cm-super/cm-super-t1.enc}{/usr/share/texlive/texmf-dist/fonts/enc/dvips/cm-supe
r/cm-super-ts1.enc} <../logos/UAH.png (PNG copy)>]
pdfTeX warning (ext4): destination with the same identifier (name{page.1}) has 
been already used, duplicate ignored
<to be read again> 
                   \relax 
l.114 
       [1] [2] (./DCM0402_20250212170504.aux)

Package rerunfilecheck Warning: File `DCM0402_20250212170504.out' has changed.
(rerunfilecheck)                Rerun to get outlines right
(rerunfilecheck)                or use package `bookmark'.

 )
(see the transcript file for additional information)</usr/share/texlive/texmf-d
ist/fonts/type1/public/cm-super/sfbx1095.pfb></usr/share/texlive/texmf-dist/fon
ts/type1/public/cm-super/sfrm1095.pfb></usr/share/texlive/texmf-dist/fonts/type
1/public/cm-super/sfsi1095.pfb></usr/share/texlive/texmf-dist/fonts/type1/publi
c/cm-super/sfss1095.pfb></usr/share/texlive/texmf-dist/fonts/type1/public/cm-su
per/sfsx1095.pfb></usr/share/texlive/texmf-dist/fonts/type1/public/cm-super/sfs
x1440.pfb></usr/share/texlive/texmf-dist/fonts/type1/public/cm-super/sfsx1728.p
fb></usr/share/texlive/texmf-dist/fonts/type1/public/cm-super/sfsx2488.pfb>
Output written on DCM0402_20250212170504.pdf (3 pages, 253792 bytes).
Transcript written on DCM0402_20250212170504.log.

2025-02-12 17:05:05,161 [ERROR] Salida de LaTeX (stderr): 
2025-02-12 17:05:05,161 [INFO] PDF compilado y renombrado exitosamente.
2025-02-12 17:19:47,478 [INFO] Generando contenido con API...
2025-02-12 17:20:18,905 [INFO] Contenido generado exitosamente con Gemini. Longitud: 16200 caracteres
2025-02-12 17:20:18,906 [INFO] Compilando a PDF...
2025-02-12 17:20:18,906 [INFO] Ejecutando comando LaTeX: pdflatex -halt-on-error DCM0402_20250212172018.tex
2025-02-12 17:20:19,542 [INFO] Salida de LaTeX (stdout): This is pdfTeX, Version 3.141592653-2.6-1.40.25 (TeX Live 2023/Fedora 40) (preloaded format=pdflatex)
 restricted \write18 enabled.
entering extended mode
(./DCM0402_20250212172018.tex
LaTeX2e <2022-11-01> patch level 1
L3 programming layer <2023-02-22>
(/usr/share/texlive/texmf-dist/tex/latex/base/article.cls
Document Class: article 2022/07/02 v1.4n Standard LaTeX document class
(/usr/share/texlive/texmf-dist/tex/latex/base/size12.clo))
(/usr/share/texlive/texmf-dist/tex/latex/base/inputenc.sty)
(/usr/share/texlive/texmf-dist/tex/latex/base/fontenc.sty)
(/usr/share/texlive/texmf-dist/tex/latex/amsmath/amsmath.sty
For additional information on amsmath, use the `?' option.
(/usr/share/texlive/texmf-dist/tex/latex/amsmath/amstext.sty
(/usr/share/texlive/texmf-dist/tex/latex/amsmath/amsgen.sty))
(/usr/share/texlive/texmf-dist/tex/latex/amsmath/amsbsy.sty)
(/usr/share/texlive/texmf-dist/tex/latex/amsmath/amsopn.sty))
(/usr/share/texlive/texmf-dist/tex/latex/amsfonts/amssymb.sty
(/usr/share/texlive/texmf-dist/tex/latex/amsfonts/amsfonts.sty))
(/usr/share/texlive/texmf-dist/tex/latex/amscls/amsthm.sty)
(/usr/share/texlive/texmf-dist/tex/latex/graphics/graphicx.sty
(/usr/share/texlive/texmf-dist/tex/latex/graphics/keyval.sty)
(/usr/share/texlive/texmf-dist/tex/latex/graphics/graphics.sty
(/usr/share/texlive/texmf-dist/tex/latex/graphics/trig.sty)
(/usr/share/texlive/texmf-dist/tex/latex/graphics-cfg/graphics.cfg)
(/usr/share/texlive/texmf-dist/tex/latex/graphics-def/pdftex.def)))
(/usr/share/texlive/texmf-dist/tex/latex/geometry/geometry.sty
(/usr/share/texlive/texmf-dist/tex/generic/iftex/ifvtex.sty
(/usr/share/texlive/texmf-dist/tex/generic/iftex/iftex.sty)))
(/usr/share/texlive/texmf-dist/tex/latex/xcolor/xcolor.sty
(/usr/share/texlive/texmf-dist/tex/latex/graphics-cfg/color.cfg)
(/usr/share/texlive/texmf-dist/tex/latex/graphics/mathcolor.ltx))
(/usr/share/texlive/texmf-dist/tex/latex/hyperref/hyperref.sty
(/usr/share/texlive/texmf-dist/tex/generic/ltxcmds/ltxcmds.sty)
(/usr/share/texlive/texmf-dist/tex/generic/pdftexcmds/pdftexcmds.sty
(/usr/share/texlive/texmf-dist/tex/generic/infwarerr/infwarerr.sty))
(/usr/share/texlive/texmf-dist/tex/latex/kvsetkeys/kvsetkeys.sty)
(/usr/share/texlive/texmf-dist/tex/generic/kvdefinekeys/kvdefinekeys.sty)
(/usr/share/texlive/texmf-dist/tex/generic/pdfescape/pdfescape.sty)
(/usr/share/texlive/texmf-dist/tex/latex/hycolor/hycolor.sty)
(/usr/share/texlive/texmf-dist/tex/latex/letltxmacro/letltxmacro.sty)
(/usr/share/texlive/texmf-dist/tex/latex/auxhook/auxhook.sty)
(/usr/share/texlive/texmf-dist/tex/latex/hyperref/nameref.sty
(/usr/share/texlive/texmf-dist/tex/latex/refcount/refcount.sty)
(/usr/share/texlive/texmf-dist/tex/generic/gettitlestring/gettitlestring.sty
(/usr/share/texlive/texmf-dist/tex/latex/kvoptions/kvoptions.sty)))
(/usr/share/texlive/texmf-dist/tex/latex/hyperref/pd1enc.def)
(/usr/share/texlive/texmf-dist/tex/generic/intcalc/intcalc.sty)
(/usr/share/texlive/texmf-dist/tex/generic/etexcmds/etexcmds.sty)
(/usr/share/texlive/texmf-dist/tex/latex/hyperref/puenc.def)
(/usr/share/texlive/texmf-dist/tex/latex/url/url.sty)
(/usr/share/texlive/texmf-dist/tex/generic/bitset/bitset.sty
(/usr/share/texlive/texmf-dist/tex/generic/bigintcalc/bigintcalc.sty))
(/usr/share/texlive/texmf-dist/tex/latex/base/atbegshi-ltx.sty))
(/usr/share/texlive/texmf-dist/tex/latex/hyperref/hpdftex.def
(/usr/share/texlive/texmf-dist/tex/latex/base/atveryend-ltx.sty)
(/usr/share/texlive/texmf-dist/tex/latex/rerunfilecheck/rerunfilecheck.sty
(/usr/share/texlive/texmf-dist/tex/generic/uniquecounter/uniquecounter.sty)))
(/usr/share/texlive/texmf-dist/tex/latex/fancyhdr/fancyhdr.sty)
(/usr/share/texlive/texmf-dist/tex/latex/lipsum/lipsum.sty
(/usr/share/texlive/texmf-dist/tex/latex/l3packages/l3keys2e/l3keys2e.sty
(/usr/share/texlive/texmf-dist/tex/latex/l3kernel/expl3.sty
(/usr/share/texlive/texmf-dist/tex/latex/l3backend/l3backend-pdftex.def)))
(/usr/share/texlive/texmf-dist/tex/latex/lipsum/lipsum.ltd.tex))
(/usr/share/texlive/texmf-dist/tex/latex/enumitem/enumitem.sty)
(/usr/share/texlive/texmf-dist/tex/latex/booktabs/booktabs.sty)
No file DCM0402_20250212172018.aux.
(/usr/share/texlive/texmf-dist/tex/context/base/mkii/supp-pdf.mkii
[Loading MPS to PDF converter (version 2006.09.02).]
) (/usr/share/texlive/texmf-dist/tex/latex/epstopdf-pkg/epstopdf-base.sty
(/usr/share/texlive/texmf-dist/tex/latex/latexconfig/epstopdf-sys.cfg))
*geometry* driver: auto-detecting
*geometry* detected driver: pdftex
(/usr/share/texlive/texmf-dist/tex/latex/amsfonts/umsa.fd)
(/usr/share/texlive/texmf-dist/tex/latex/amsfonts/umsb.fd) [1{/var/lib/texmf/fo
nts/map/pdftex/updmap/pdftex.map}{/usr/share/texlive/texmf-dist/fonts/enc/dvips
/cm-super/cm-super-t1.enc}{/usr/share/texlive/texmf-dist/fonts/enc/dvips/cm-sup
er/cm-super-ts1.enc} <../logos/UAH.png (PNG copy)>]
pdfTeX warning (ext4): destination with the same identifier (name{page.1}) has 
been already used, duplicate ignored
<to be read again> 
                   \relax 
l.107     \item \textbf
                       {Idoneidad Funcional:}  Se refiere al grado en que el...
[1] [2] [3] [4] [5] (./DCM0402_20250212172018.aux)

Package rerunfilecheck Warning: File `DCM0402_20250212172018.out' has changed.
(rerunfilecheck)                Rerun to get outlines right
(rerunfilecheck)                or use package `bookmark'.

 )
(see the transcript file for additional information)</usr/share/texlive/texmf-d
ist/fonts/type1/public/cm-super/sfbx1200.pfb></usr/share/texlive/texmf-dist/fon
ts/type1/public/cm-super/sfbx1440.pfb></usr/share/texlive/texmf-dist/fonts/type
1/public/cm-super/sfbx1728.pfb></usr/share/texlive/texmf-dist/fonts/type1/publi
c/cm-super/sfbx2488.pfb></usr/share/texlive/texmf-dist/fonts/type1/public/cm-su
per/sfrm1200.pfb></usr/share/texlive/texmf-dist/fonts/type1/public/cm-super/sfr
m1440.pfb></usr/share/texlive/texmf-dist/fonts/type1/public/cm-super/sfti1200.p
fb></usr/share/texlive/texmf-dist/fonts/type1/public/cm-super/sfti1440.pfb>
Output written on DCM0402_20250212172018.pdf (6 pages, 283382 bytes).
Transcript written on DCM0402_20250212172018.log.

2025-02-12 17:20:19,542 [ERROR] Salida de LaTeX (stderr): 
2025-02-12 17:20:19,542 [INFO] PDF compilado y renombrado exitosamente.
